// Jest Snapshot v1, https://goo.gl/fbAQLP

exports[`Home Page should render home page 1`] = `
<div>
  <h1>
    hello world
  </h1>
</div>
`;
