// Jest Snapshot v1, https://goo.gl/fbAQLP

exports[`Typography Component should render typography 1`] = `
<div>
  <h1>
    hello world
  </h1>
</div>
`;
